error TS6305: Output file 'E:/2025/RootedAI Website/rooted-ai-solutions/src/app/admin-hiring/page.d.ts' has not been built from source file 'E:/2025/RootedAI Website/rooted-ai-solutions/src/app/admin-hiring/page.tsx'.
  The file is in the program because:
    Matched by include pattern '**/*.tsx' in 'E:/2025/RootedAI Website/rooted-ai-solutions/tsconfig.json'
error TS6305: Output file 'E:/2025/RootedAI Website/rooted-ai-solutions/src/app/admin-pass-set/[orgSlug]/page.d.ts' has not been built from source file 'E:/2025/RootedAI Website/rooted-ai-solutions/src/app/admin-pass-set/[orgSlug]/page.tsx'.
  The file is in the program because:
    Matched by include pattern '**/*.tsx' in 'E:/2025/RootedAI Website/rooted-ai-solutions/tsconfig.json'
error TS6305: Output file 'E:/2025/RootedAI Website/rooted-ai-solutions/src/app/ai-interview/page.d.ts' has not been built from source file 'E:/2025/RootedAI Website/rooted-ai-solutions/src/app/ai-interview/page.tsx'.
  The file is in the program because:
    Matched by include pattern '**/*.tsx' in 'E:/2025/RootedAI Website/rooted-ai-solutions/tsconfig.json'
error TS6305: Output file 'E:/2025/RootedAI Website/rooted-ai-solutions/src/app/assessment/page.d.ts' has not been built from source file 'E:/2025/RootedAI Website/rooted-ai-solutions/src/app/assessment/page.tsx'.
  The file is in the program because:
    Matched by include pattern '**/*.tsx' in 'E:/2025/RootedAI Website/rooted-ai-solutions/tsconfig.json'
error TS6305: Output file 'E:/2025/RootedAI Website/rooted-ai-solutions/src/app/blog-admin/page.d.ts' has not been built from source file 'E:/2025/RootedAI Website/rooted-ai-solutions/src/app/blog-admin/page.tsx'.
  The file is in the program because:
    Matched by include pattern '**/*.tsx' in 'E:/2025/RootedAI Website/rooted-ai-solutions/tsconfig.json'
error TS6305: Output file 'E:/2025/RootedAI Website/rooted-ai-solutions/src/app/blog-creation-page/page.d.ts' has not been built from source file 'E:/2025/RootedAI Website/rooted-ai-solutions/src/app/blog-creation-page/page.tsx'.
  The file is in the program because:
    Matched by include pattern '**/*.tsx' in 'E:/2025/RootedAI Website/rooted-ai-solutions/tsconfig.json'
error TS6305: Output file 'E:/2025/RootedAI Website/rooted-ai-solutions/src/app/blog/[slug]/page.d.ts' has not been built from source file 'E:/2025/RootedAI Website/rooted-ai-solutions/src/app/blog/[slug]/page.tsx'.
  The file is in the program because:
    Matched by include pattern '**/*.tsx' in 'E:/2025/RootedAI Website/rooted-ai-solutions/tsconfig.json'
error TS6305: Output file 'E:/2025/RootedAI Website/rooted-ai-solutions/src/app/blog/page.d.ts' has not been built from source file 'E:/2025/RootedAI Website/rooted-ai-solutions/src/app/blog/page.tsx'.
  The file is in the program because:
    Matched by include pattern '**/*.tsx' in 'E:/2025/RootedAI Website/rooted-ai-solutions/tsconfig.json'
error TS6305: Output file 'E:/2025/RootedAI Website/rooted-ai-solutions/src/app/business-card/page.d.ts' has not been built from source file 'E:/2025/RootedAI Website/rooted-ai-solutions/src/app/business-card/page.tsx'.
  The file is in the program because:
    Matched by include pattern '**/*.tsx' in 'E:/2025/RootedAI Website/rooted-ai-solutions/tsconfig.json'
error TS6305: Output file 'E:/2025/RootedAI Website/rooted-ai-solutions/src/app/candidate-login/page.d.ts' has not been built from source file 'E:/2025/RootedAI Website/rooted-ai-solutions/src/app/candidate-login/page.tsx'.
  The file is in the program because:
    Matched by include pattern '**/*.tsx' in 'E:/2025/RootedAI Website/rooted-ai-solutions/tsconfig.json'
error TS6305: Output file 'E:/2025/RootedAI Website/rooted-ai-solutions/src/app/candidate-status/page.d.ts' has not been built from source file 'E:/2025/RootedAI Website/rooted-ai-solutions/src/app/candidate-status/page.tsx'.
  The file is in the program because:
    Matched by include pattern '**/*.tsx' in 'E:/2025/RootedAI Website/rooted-ai-solutions/tsconfig.json'
error TS6305: Output file 'E:/2025/RootedAI Website/rooted-ai-solutions/src/app/careers/[slug]/page.d.ts' has not been built from source file 'E:/2025/RootedAI Website/rooted-ai-solutions/src/app/careers/[slug]/page.tsx'.
  The file is in the program because:
    Matched by include pattern '**/*.tsx' in 'E:/2025/RootedAI Website/rooted-ai-solutions/tsconfig.json'
error TS6305: Output file 'E:/2025/RootedAI Website/rooted-ai-solutions/src/app/careers/page.d.ts' has not been built from source file 'E:/2025/RootedAI Website/rooted-ai-solutions/src/app/careers/page.tsx'.
  The file is in the program because:
    Matched by include pattern '**/*.tsx' in 'E:/2025/RootedAI Website/rooted-ai-solutions/tsconfig.json'
error TS6305: Output file 'E:/2025/RootedAI Website/rooted-ai-solutions/src/app/case-studies/page.d.ts' has not been built from source file 'E:/2025/RootedAI Website/rooted-ai-solutions/src/app/case-studies/page.tsx'.
  The file is in the program because:
    Matched by include pattern '**/*.tsx' in 'E:/2025/RootedAI Website/rooted-ai-solutions/tsconfig.json'
error TS6305: Output file 'E:/2025/RootedAI Website/rooted-ai-solutions/src/app/faq/page.d.ts' has not been built from source file 'E:/2025/RootedAI Website/rooted-ai-solutions/src/app/faq/page.tsx'.
  The file is in the program because:
    Matched by include pattern '**/*.tsx' in 'E:/2025/RootedAI Website/rooted-ai-solutions/tsconfig.json'
error TS6305: Output file 'E:/2025/RootedAI Website/rooted-ai-solutions/src/app/final-interview-login/page.d.ts' has not been built from source file 'E:/2025/RootedAI Website/rooted-ai-solutions/src/app/final-interview-login/page.tsx'.
  The file is in the program because:
    Matched by include pattern '**/*.tsx' in 'E:/2025/RootedAI Website/rooted-ai-solutions/tsconfig.json'
error TS6305: Output file 'E:/2025/RootedAI Website/rooted-ai-solutions/src/app/impact/page.d.ts' has not been built from source file 'E:/2025/RootedAI Website/rooted-ai-solutions/src/app/impact/page.tsx'.
  The file is in the program because:
    Matched by include pattern '**/*.tsx' in 'E:/2025/RootedAI Website/rooted-ai-solutions/tsconfig.json'
error TS6305: Output file 'E:/2025/RootedAI Website/rooted-ai-solutions/src/app/interview/page.d.ts' has not been built from source file 'E:/2025/RootedAI Website/rooted-ai-solutions/src/app/interview/page.tsx'.
  The file is in the program because:
    Matched by include pattern '**/*.tsx' in 'E:/2025/RootedAI Website/rooted-ai-solutions/tsconfig.json'
error TS6305: Output file 'E:/2025/RootedAI Website/rooted-ai-solutions/src/app/jobs/[id]/page.d.ts' has not been built from source file 'E:/2025/RootedAI Website/rooted-ai-solutions/src/app/jobs/[id]/page.tsx'.
  The file is in the program because:
    Matched by include pattern '**/*.tsx' in 'E:/2025/RootedAI Website/rooted-ai-solutions/tsconfig.json'
error TS6305: Output file 'E:/2025/RootedAI Website/rooted-ai-solutions/src/app/layout.d.ts' has not been built from source file 'E:/2025/RootedAI Website/rooted-ai-solutions/src/app/layout.tsx'.
  The file is in the program because:
    Matched by include pattern '**/*.tsx' in 'E:/2025/RootedAI Website/rooted-ai-solutions/tsconfig.json'
error TS6305: Output file 'E:/2025/RootedAI Website/rooted-ai-solutions/src/app/login/page.d.ts' has not been built from source file 'E:/2025/RootedAI Website/rooted-ai-solutions/src/app/login/page.tsx'.
  The file is in the program because:
    Matched by include pattern '**/*.tsx' in 'E:/2025/RootedAI Website/rooted-ai-solutions/tsconfig.json'
error TS6305: Output file 'E:/2025/RootedAI Website/rooted-ai-solutions/src/app/not-found.d.ts' has not been built from source file 'E:/2025/RootedAI Website/rooted-ai-solutions/src/app/not-found.tsx'.
  The file is in the program because:
    Matched by include pattern '**/*.tsx' in 'E:/2025/RootedAI Website/rooted-ai-solutions/tsconfig.json'
error TS6305: Output file 'E:/2025/RootedAI Website/rooted-ai-solutions/src/app/page.d.ts' has not been built from source file 'E:/2025/RootedAI Website/rooted-ai-solutions/src/app/page.tsx'.
  The file is in the program because:
    Matched by include pattern '**/*.tsx' in 'E:/2025/RootedAI Website/rooted-ai-solutions/tsconfig.json'
error TS6305: Output file 'E:/2025/RootedAI Website/rooted-ai-solutions/src/app/pricing/page.d.ts' has not been built from source file 'E:/2025/RootedAI Website/rooted-ai-solutions/src/app/pricing/page.tsx'.
  The file is in the program because:
    Matched by include pattern '**/*.tsx' in 'E:/2025/RootedAI Website/rooted-ai-solutions/tsconfig.json'
error TS6305: Output file 'E:/2025/RootedAI Website/rooted-ai-solutions/src/app/products/page.d.ts' has not been built from source file 'E:/2025/RootedAI Website/rooted-ai-solutions/src/app/products/page.tsx'.
  The file is in the program because:
    Matched by include pattern '**/*.tsx' in 'E:/2025/RootedAI Website/rooted-ai-solutions/tsconfig.json'
error TS6305: Output file 'E:/2025/RootedAI Website/rooted-ai-solutions/src/app/providers.d.ts' has not been built from source file 'E:/2025/RootedAI Website/rooted-ai-solutions/src/app/providers.tsx'.
  The file is in the program because:
    Matched by include pattern '**/*.tsx' in 'E:/2025/RootedAI Website/rooted-ai-solutions/tsconfig.json'
error TS6305: Output file 'E:/2025/RootedAI Website/rooted-ai-solutions/src/app/services/[service]/page.d.ts' has not been built from source file 'E:/2025/RootedAI Website/rooted-ai-solutions/src/app/services/[service]/page.tsx'.
  The file is in the program because:
    Matched by include pattern '**/*.tsx' in 'E:/2025/RootedAI Website/rooted-ai-solutions/tsconfig.json'
error TS6305: Output file 'E:/2025/RootedAI Website/rooted-ai-solutions/src/app/services/page.d.ts' has not been built from source file 'E:/2025/RootedAI Website/rooted-ai-solutions/src/app/services/page.tsx'.
  The file is in the program because:
    Matched by include pattern '**/*.tsx' in 'E:/2025/RootedAI Website/rooted-ai-solutions/tsconfig.json'
error TS6305: Output file 'E:/2025/RootedAI Website/rooted-ai-solutions/src/app/technical-assessment/page.d.ts' has not been built from source file 'E:/2025/RootedAI Website/rooted-ai-solutions/src/app/technical-assessment/page.tsx'.
  The file is in the program because:
    Matched by include pattern '**/*.tsx' in 'E:/2025/RootedAI Website/rooted-ai-solutions/tsconfig.json'
error TS6305: Output file 'E:/2025/RootedAI Website/rooted-ai-solutions/src/components/AssemblyLine.d.ts' has not been built from source file 'E:/2025/RootedAI Website/rooted-ai-solutions/src/components/AssemblyLine.tsx'.
  The file is in the program because:
    Matched by include pattern '**/*.tsx' in 'E:/2025/RootedAI Website/rooted-ai-solutions/tsconfig.json'
error TS6305: Output file 'E:/2025/RootedAI Website/rooted-ai-solutions/src/components/Careers.d.ts' has not been built from source file 'E:/2025/RootedAI Website/rooted-ai-solutions/src/components/Careers.tsx'.
  The file is in the program because:
    Matched by include pattern '**/*.tsx' in 'E:/2025/RootedAI Website/rooted-ai-solutions/tsconfig.json'
error TS6305: Output file 'E:/2025/RootedAI Website/rooted-ai-solutions/src/components/ClientDossier.d.ts' has not been built from source file 'E:/2025/RootedAI Website/rooted-ai-solutions/src/components/ClientDossier.tsx'.
  The file is in the program because:
    Matched by include pattern '**/*.tsx' in 'E:/2025/RootedAI Website/rooted-ai-solutions/tsconfig.json'
error TS6305: Output file 'E:/2025/RootedAI Website/rooted-ai-solutions/src/components/ErrorBoundary.d.ts' has not been built from source file 'E:/2025/RootedAI Website/rooted-ai-solutions/src/components/ErrorBoundary.tsx'.
  The file is in the program because:
    Matched by include pattern '**/*.tsx' in 'E:/2025/RootedAI Website/rooted-ai-solutions/tsconfig.json'
error TS6305: Output file 'E:/2025/RootedAI Website/rooted-ai-solutions/src/components/InteractivePipeline.d.ts' has not been built from source file 'E:/2025/RootedAI Website/rooted-ai-solutions/src/components/InteractivePipeline.tsx'.
  The file is in the program because:
    Matched by include pattern '**/*.tsx' in 'E:/2025/RootedAI Website/rooted-ai-solutions/tsconfig.json'
error TS6305: Output file 'E:/2025/RootedAI Website/rooted-ai-solutions/src/components/LeadModal.d.ts' has not been built from source file 'E:/2025/RootedAI Website/rooted-ai-solutions/src/components/LeadModal.tsx'.
  The file is in the program because:
    Matched by include pattern '**/*.tsx' in 'E:/2025/RootedAI Website/rooted-ai-solutions/tsconfig.json'
error TS6305: Output file 'E:/2025/RootedAI Website/rooted-ai-solutions/src/components/Navigation.d.ts' has not been built from source file 'E:/2025/RootedAI Website/rooted-ai-solutions/src/components/Navigation.tsx'.
  The file is in the program because:
    Matched by include pattern '**/*.tsx' in 'E:/2025/RootedAI Website/rooted-ai-solutions/tsconfig.json'
error TS6305: Output file 'E:/2025/RootedAI Website/rooted-ai-solutions/src/components/PageSkeleton.d.ts' has not been built from source file 'E:/2025/RootedAI Website/rooted-ai-solutions/src/components/PageSkeleton.tsx'.
  The file is in the program because:
    Matched by include pattern '**/*.tsx' in 'E:/2025/RootedAI Website/rooted-ai-solutions/tsconfig.json'
error TS6305: Output file 'E:/2025/RootedAI Website/rooted-ai-solutions/src/components/PageTransition.d.ts' has not been built from source file 'E:/2025/RootedAI Website/rooted-ai-solutions/src/components/PageTransition.tsx'.
  The file is in the program because:
    Matched by include pattern '**/*.tsx' in 'E:/2025/RootedAI Website/rooted-ai-solutions/tsconfig.json'
error TS6305: Output file 'E:/2025/RootedAI Website/rooted-ai-solutions/src/components/RobotPanel.d.ts' has not been built from source file 'E:/2025/RootedAI Website/rooted-ai-solutions/src/components/RobotPanel.tsx'.
  The file is in the program because:
    Matched by include pattern '**/*.tsx' in 'E:/2025/RootedAI Website/rooted-ai-solutions/tsconfig.json'
error TS6305: Output file 'E:/2025/RootedAI Website/rooted-ai-solutions/src/components/Seo.d.ts' has not been built from source file 'E:/2025/RootedAI Website/rooted-ai-solutions/src/components/Seo.tsx'.
  The file is in the program because:
    Matched by include pattern '**/*.tsx' in 'E:/2025/RootedAI Website/rooted-ai-solutions/tsconfig.json'
error TS6305: Output file 'E:/2025/RootedAI Website/rooted-ai-solutions/src/components/SmoothScroll.d.ts' has not been built from source file 'E:/2025/RootedAI Website/rooted-ai-solutions/src/components/SmoothScroll.tsx'.
  The file is in the program because:
    Matched by include pattern '**/*.tsx' in 'E:/2025/RootedAI Website/rooted-ai-solutions/tsconfig.json'
error TS6305: Output file 'E:/2025/RootedAI Website/rooted-ai-solutions/src/components/Testimonials.d.ts' has not been built from source file 'E:/2025/RootedAI Website/rooted-ai-solutions/src/components/Testimonials.tsx'.
  The file is in the program because:
    Matched by include pattern '**/*.tsx' in 'E:/2025/RootedAI Website/rooted-ai-solutions/tsconfig.json'
error TS6305: Output file 'E:/2025/RootedAI Website/rooted-ai-solutions/src/components/ThemeProvider.d.ts' has not been built from source file 'E:/2025/RootedAI Website/rooted-ai-solutions/src/components/ThemeProvider.tsx'.
  The file is in the program because:
    Matched by include pattern '**/*.tsx' in 'E:/2025/RootedAI Website/rooted-ai-solutions/tsconfig.json'
error TS6305: Output file 'E:/2025/RootedAI Website/rooted-ai-solutions/src/components/ThemeToggle.d.ts' has not been built from source file 'E:/2025/RootedAI Website/rooted-ai-solutions/src/components/ThemeToggle.tsx'.
  The file is in the program because:
    Matched by include pattern '**/*.tsx' in 'E:/2025/RootedAI Website/rooted-ai-solutions/tsconfig.json'
error TS6305: Output file 'E:/2025/RootedAI Website/rooted-ai-solutions/src/components/admin/dashboard/CandidateDetailDialog.d.ts' has not been built from source file 'E:/2025/RootedAI Website/rooted-ai-solutions/src/components/admin/dashboard/CandidateDetailDialog.tsx'.
  The file is in the program because:
    Matched by include pattern '**/*.tsx' in 'E:/2025/RootedAI Website/rooted-ai-solutions/tsconfig.json'
error TS6305: Output file 'E:/2025/RootedAI Website/rooted-ai-solutions/src/components/admin/dashboard/EnhancedTokenUsageStats.d.ts' has not been built from source file 'E:/2025/RootedAI Website/rooted-ai-solutions/src/components/admin/dashboard/EnhancedTokenUsageStats.tsx'.
  The file is in the program because:
    Matched by include pattern '**/*.tsx' in 'E:/2025/RootedAI Website/rooted-ai-solutions/tsconfig.json'
error TS6305: Output file 'E:/2025/RootedAI Website/rooted-ai-solutions/src/components/admin/dashboard/InterviewInviteDialog.d.ts' has not been built from source file 'E:/2025/RootedAI Website/rooted-ai-solutions/src/components/admin/dashboard/InterviewInviteDialog.tsx'.
  The file is in the program because:
    Matched by include pattern '**/*.tsx' in 'E:/2025/RootedAI Website/rooted-ai-solutions/tsconfig.json'
error TS6305: Output file 'E:/2025/RootedAI Website/rooted-ai-solutions/src/components/admin/dashboard/JobApplicationsTable.d.ts' has not been built from source file 'E:/2025/RootedAI Website/rooted-ai-solutions/src/components/admin/dashboard/JobApplicationsTable.tsx'.
  The file is in the program because:
    Matched by include pattern '**/*.tsx' in 'E:/2025/RootedAI Website/rooted-ai-solutions/tsconfig.json'
error TS6305: Output file 'E:/2025/RootedAI Website/rooted-ai-solutions/src/components/admin/dashboard/JobPostingDialog.d.ts' has not been built from source file 'E:/2025/RootedAI Website/rooted-ai-solutions/src/components/admin/dashboard/JobPostingDialog.tsx'.
  The file is in the program because:
    Matched by include pattern '**/*.tsx' in 'E:/2025/RootedAI Website/rooted-ai-solutions/tsconfig.json'
error TS6305: Output file 'E:/2025/RootedAI Website/rooted-ai-solutions/src/components/admin/dashboard/JobPostingsList.d.ts' has not been built from source file 'E:/2025/RootedAI Website/rooted-ai-solutions/src/components/admin/dashboard/JobPostingsList.tsx'.
  The file is in the program because:
    Matched by include pattern '**/*.tsx' in 'E:/2025/RootedAI Website/rooted-ai-solutions/tsconfig.json'
error TS6305: Output file 'E:/2025/RootedAI Website/rooted-ai-solutions/src/components/admin/dashboard/TechnicalInviteDialog.d.ts' has not been built from source file 'E:/2025/RootedAI Website/rooted-ai-solutions/src/components/admin/dashboard/TechnicalInviteDialog.tsx'.
  The file is in the program because:
    Matched by include pattern '**/*.tsx' in 'E:/2025/RootedAI Website/rooted-ai-solutions/tsconfig.json'
error TS6305: Output file 'E:/2025/RootedAI Website/rooted-ai-solutions/src/components/admin/dashboard/TokenUsageStats.d.ts' has not been built from source file 'E:/2025/RootedAI Website/rooted-ai-solutions/src/components/admin/dashboard/TokenUsageStats.tsx'.
  The file is in the program because:
    Matched by include pattern '**/*.tsx' in 'E:/2025/RootedAI Website/rooted-ai-solutions/tsconfig.json'
error TS6305: Output file 'E:/2025/RootedAI Website/rooted-ai-solutions/src/components/analytics/TrackingScripts.d.ts' has not been built from source file 'E:/2025/RootedAI Website/rooted-ai-solutions/src/components/analytics/TrackingScripts.tsx'.
  The file is in the program because:
    Matched by include pattern '**/*.tsx' in 'E:/2025/RootedAI Website/rooted-ai-solutions/tsconfig.json'
error TS6305: Output file 'E:/2025/RootedAI Website/rooted-ai-solutions/src/components/hiring/JobApplicationForm.d.ts' has not been built from source file 'E:/2025/RootedAI Website/rooted-ai-solutions/src/components/hiring/JobApplicationForm.tsx'.
  The file is in the program because:
    Matched by include pattern '**/*.tsx' in 'E:/2025/RootedAI Website/rooted-ai-solutions/tsconfig.json'
error TS6305: Output file 'E:/2025/RootedAI Website/rooted-ai-solutions/src/components/landing/HeroSection.d.ts' has not been built from source file 'E:/2025/RootedAI Website/rooted-ai-solutions/src/components/landing/HeroSection.tsx'.
  The file is in the program because:
    Matched by include pattern '**/*.tsx' in 'E:/2025/RootedAI Website/rooted-ai-solutions/tsconfig.json'
error TS6305: Output file 'E:/2025/RootedAI Website/rooted-ai-solutions/src/components/landing/NotificationSlider.d.ts' has not been built from source file 'E:/2025/RootedAI Website/rooted-ai-solutions/src/components/landing/NotificationSlider.tsx'.
  The file is in the program because:
    Matched by include pattern '**/*.tsx' in 'E:/2025/RootedAI Website/rooted-ai-solutions/tsconfig.json'
error TS6305: Output file 'E:/2025/RootedAI Website/rooted-ai-solutions/src/components/landing/VideoPanel.d.ts' has not been built from source file 'E:/2025/RootedAI Website/rooted-ai-solutions/src/components/landing/VideoPanel.tsx'.
  The file is in the program because:
    Matched by include pattern '**/*.tsx' in 'E:/2025/RootedAI Website/rooted-ai-solutions/tsconfig.json'
error TS6305: Output file 'E:/2025/RootedAI Website/rooted-ai-solutions/src/components/sections/Footer.d.ts' has not been built from source file 'E:/2025/RootedAI Website/rooted-ai-solutions/src/components/sections/Footer.tsx'.
  The file is in the program because:
    Matched by include pattern '**/*.tsx' in 'E:/2025/RootedAI Website/rooted-ai-solutions/tsconfig.json'
error TS6305: Output file 'E:/2025/RootedAI Website/rooted-ai-solutions/src/components/sections/ServiceDetailPage.d.ts' has not been built from source file 'E:/2025/RootedAI Website/rooted-ai-solutions/src/components/sections/ServiceDetailPage.tsx'.
  The file is in the program because:
    Matched by include pattern '**/*.tsx' in 'E:/2025/RootedAI Website/rooted-ai-solutions/tsconfig.json'
error TS6305: Output file 'E:/2025/RootedAI Website/rooted-ai-solutions/src/components/ui/AnimatedButton.d.ts' has not been built from source file 'E:/2025/RootedAI Website/rooted-ai-solutions/src/components/ui/AnimatedButton.tsx'.
  The file is in the program because:
    Matched by include pattern '**/*.tsx' in 'E:/2025/RootedAI Website/rooted-ai-solutions/tsconfig.json'
error TS6305: Output file 'E:/2025/RootedAI Website/rooted-ai-solutions/src/components/ui/CarouselWrapper.d.ts' has not been built from source file 'E:/2025/RootedAI Website/rooted-ai-solutions/src/components/ui/CarouselWrapper.tsx'.
  The file is in the program because:
    Matched by include pattern '**/*.tsx' in 'E:/2025/RootedAI Website/rooted-ai-solutions/tsconfig.json'
error TS6305: Output file 'E:/2025/RootedAI Website/rooted-ai-solutions/src/components/ui/CustomCursor.d.ts' has not been built from source file 'E:/2025/RootedAI Website/rooted-ai-solutions/src/components/ui/CustomCursor.tsx'.
  The file is in the program because:
    Matched by include pattern '**/*.tsx' in 'E:/2025/RootedAI Website/rooted-ai-solutions/tsconfig.json'
error TS6305: Output file 'E:/2025/RootedAI Website/rooted-ai-solutions/src/components/ui/FullPageLoader.d.ts' has not been built from source file 'E:/2025/RootedAI Website/rooted-ai-solutions/src/components/ui/FullPageLoader.tsx'.
  The file is in the program because:
    Matched by include pattern '**/*.tsx' in 'E:/2025/RootedAI Website/rooted-ai-solutions/tsconfig.json'
error TS6305: Output file 'E:/2025/RootedAI Website/rooted-ai-solutions/src/components/ui/GlassCard.d.ts' has not been built from source file 'E:/2025/RootedAI Website/rooted-ai-solutions/src/components/ui/GlassCard.tsx'.
  The file is in the program because:
    Matched by include pattern '**/*.tsx' in 'E:/2025/RootedAI Website/rooted-ai-solutions/tsconfig.json'
error TS6305: Output file 'E:/2025/RootedAI Website/rooted-ai-solutions/src/components/ui/LogoSlider.d.ts' has not been built from source file 'E:/2025/RootedAI Website/rooted-ai-solutions/src/components/ui/LogoSlider.tsx'.
  The file is in the program because:
    Matched by include pattern '**/*.tsx' in 'E:/2025/RootedAI Website/rooted-ai-solutions/tsconfig.json'
error TS6305: Output file 'E:/2025/RootedAI Website/rooted-ai-solutions/src/components/ui/MagneticButton.d.ts' has not been built from source file 'E:/2025/RootedAI Website/rooted-ai-solutions/src/components/ui/MagneticButton.tsx'.
  The file is in the program because:
    Matched by include pattern '**/*.tsx' in 'E:/2025/RootedAI Website/rooted-ai-solutions/tsconfig.json'
error TS6305: Output file 'E:/2025/RootedAI Website/rooted-ai-solutions/src/components/ui/MirrorLoader.d.ts' has not been built from source file 'E:/2025/RootedAI Website/rooted-ai-solutions/src/components/ui/MirrorLoader.tsx'.
  The file is in the program because:
    Matched by include pattern '**/*.tsx' in 'E:/2025/RootedAI Website/rooted-ai-solutions/tsconfig.json'
error TS6305: Output file 'E:/2025/RootedAI Website/rooted-ai-solutions/src/components/ui/NoiseOverlay.d.ts' has not been built from source file 'E:/2025/RootedAI Website/rooted-ai-solutions/src/components/ui/NoiseOverlay.tsx'.
  The file is in the program because:
    Matched by include pattern '**/*.tsx' in 'E:/2025/RootedAI Website/rooted-ai-solutions/tsconfig.json'
error TS6305: Output file 'E:/2025/RootedAI Website/rooted-ai-solutions/src/components/ui/RevealLoader.d.ts' has not been built from source file 'E:/2025/RootedAI Website/rooted-ai-solutions/src/components/ui/RevealLoader.tsx'.
  The file is in the program because:
    Matched by include pattern '**/*.tsx' in 'E:/2025/RootedAI Website/rooted-ai-solutions/tsconfig.json'
error TS6305: Output file 'E:/2025/RootedAI Website/rooted-ai-solutions/src/components/ui/RevealOnScroll.d.ts' has not been built from source file 'E:/2025/RootedAI Website/rooted-ai-solutions/src/components/ui/RevealOnScroll.tsx'.
  The file is in the program because:
    Matched by include pattern '**/*.tsx' in 'E:/2025/RootedAI Website/rooted-ai-solutions/tsconfig.json'
error TS6305: Output file 'E:/2025/RootedAI Website/rooted-ai-solutions/src/components/ui/ScrollProgress.d.ts' has not been built from source file 'E:/2025/RootedAI Website/rooted-ai-solutions/src/components/ui/ScrollProgress.tsx'.
  The file is in the program because:
    Matched by include pattern '**/*.tsx' in 'E:/2025/RootedAI Website/rooted-ai-solutions/tsconfig.json'
error TS6305: Output file 'E:/2025/RootedAI Website/rooted-ai-solutions/src/components/ui/SignalInterference.d.ts' has not been built from source file 'E:/2025/RootedAI Website/rooted-ai-solutions/src/components/ui/SignalInterference.tsx'.
  The file is in the program because:
    Matched by include pattern '**/*.tsx' in 'E:/2025/RootedAI Website/rooted-ai-solutions/tsconfig.json'
error TS6305: Output file 'E:/2025/RootedAI Website/rooted-ai-solutions/src/components/ui/SpotlightNavbar.d.ts' has not been built from source file 'E:/2025/RootedAI Website/rooted-ai-solutions/src/components/ui/SpotlightNavbar.tsx'.
  The file is in the program because:
    Matched by include pattern '**/*.tsx' in 'E:/2025/RootedAI Website/rooted-ai-solutions/tsconfig.json'
error TS6305: Output file 'E:/2025/RootedAI Website/rooted-ai-solutions/src/components/ui/TextScramble.d.ts' has not been built from source file 'E:/2025/RootedAI Website/rooted-ai-solutions/src/components/ui/TextScramble.tsx'.
  The file is in the program because:
    Matched by include pattern '**/*.tsx' in 'E:/2025/RootedAI Website/rooted-ai-solutions/tsconfig.json'
error TS6305: Output file 'E:/2025/RootedAI Website/rooted-ai-solutions/src/components/ui/TiltCard.d.ts' has not been built from source file 'E:/2025/RootedAI Website/rooted-ai-solutions/src/components/ui/TiltCard.tsx'.
  The file is in the program because:
    Matched by include pattern '**/*.tsx' in 'E:/2025/RootedAI Website/rooted-ai-solutions/tsconfig.json'
error TS6305: Output file 'E:/2025/RootedAI Website/rooted-ai-solutions/src/components/ui/accordion.d.ts' has not been built from source file 'E:/2025/RootedAI Website/rooted-ai-solutions/src/components/ui/accordion.tsx'.
  The file is in the program because:
    Matched by include pattern '**/*.tsx' in 'E:/2025/RootedAI Website/rooted-ai-solutions/tsconfig.json'
error TS6305: Output file 'E:/2025/RootedAI Website/rooted-ai-solutions/src/components/ui/alert-dialog.d.ts' has not been built from source file 'E:/2025/RootedAI Website/rooted-ai-solutions/src/components/ui/alert-dialog.tsx'.
  The file is in the program because:
    Matched by include pattern '**/*.tsx' in 'E:/2025/RootedAI Website/rooted-ai-solutions/tsconfig.json'
error TS6305: Output file 'E:/2025/RootedAI Website/rooted-ai-solutions/src/components/ui/alert.d.ts' has not been built from source file 'E:/2025/RootedAI Website/rooted-ai-solutions/src/components/ui/alert.tsx'.
  The file is in the program because:
    Matched by include pattern '**/*.tsx' in 'E:/2025/RootedAI Website/rooted-ai-solutions/tsconfig.json'
error TS6305: Output file 'E:/2025/RootedAI Website/rooted-ai-solutions/src/components/ui/aspect-ratio.d.ts' has not been built from source file 'E:/2025/RootedAI Website/rooted-ai-solutions/src/components/ui/aspect-ratio.tsx'.
  The file is in the program because:
    Matched by include pattern '**/*.tsx' in 'E:/2025/RootedAI Website/rooted-ai-solutions/tsconfig.json'
error TS6305: Output file 'E:/2025/RootedAI Website/rooted-ai-solutions/src/components/ui/avatar.d.ts' has not been built from source file 'E:/2025/RootedAI Website/rooted-ai-solutions/src/components/ui/avatar.tsx'.
  The file is in the program because:
    Matched by include pattern '**/*.tsx' in 'E:/2025/RootedAI Website/rooted-ai-solutions/tsconfig.json'
error TS6305: Output file 'E:/2025/RootedAI Website/rooted-ai-solutions/src/components/ui/background-paper-shaders.d.ts' has not been built from source file 'E:/2025/RootedAI Website/rooted-ai-solutions/src/components/ui/background-paper-shaders.tsx'.
  The file is in the program because:
    Matched by include pattern '**/*.tsx' in 'E:/2025/RootedAI Website/rooted-ai-solutions/tsconfig.json'
error TS6305: Output file 'E:/2025/RootedAI Website/rooted-ai-solutions/src/components/ui/badge.d.ts' has not been built from source file 'E:/2025/RootedAI Website/rooted-ai-solutions/src/components/ui/badge.tsx'.
  The file is in the program because:
    Matched by include pattern '**/*.tsx' in 'E:/2025/RootedAI Website/rooted-ai-solutions/tsconfig.json'
error TS6305: Output file 'E:/2025/RootedAI Website/rooted-ai-solutions/src/components/ui/breadcrumb.d.ts' has not been built from source file 'E:/2025/RootedAI Website/rooted-ai-solutions/src/components/ui/breadcrumb.tsx'.
  The file is in the program because:
    Matched by include pattern '**/*.tsx' in 'E:/2025/RootedAI Website/rooted-ai-solutions/tsconfig.json'
error TS6305: Output file 'E:/2025/RootedAI Website/rooted-ai-solutions/src/components/ui/button.d.ts' has not been built from source file 'E:/2025/RootedAI Website/rooted-ai-solutions/src/components/ui/button.tsx'.
  The file is in the program because:
    Matched by include pattern '**/*.tsx' in 'E:/2025/RootedAI Website/rooted-ai-solutions/tsconfig.json'
error TS6305: Output file 'E:/2025/RootedAI Website/rooted-ai-solutions/src/components/ui/calendar.d.ts' has not been built from source file 'E:/2025/RootedAI Website/rooted-ai-solutions/src/components/ui/calendar.tsx'.
  The file is in the program because:
    Matched by include pattern '**/*.tsx' in 'E:/2025/RootedAI Website/rooted-ai-solutions/tsconfig.json'
error TS6305: Output file 'E:/2025/RootedAI Website/rooted-ai-solutions/src/components/ui/card.d.ts' has not been built from source file 'E:/2025/RootedAI Website/rooted-ai-solutions/src/components/ui/card.tsx'.
  The file is in the program because:
    Matched by include pattern '**/*.tsx' in 'E:/2025/RootedAI Website/rooted-ai-solutions/tsconfig.json'
error TS6305: Output file 'E:/2025/RootedAI Website/rooted-ai-solutions/src/components/ui/carousel.d.ts' has not been built from source file 'E:/2025/RootedAI Website/rooted-ai-solutions/src/components/ui/carousel.tsx'.
  The file is in the program because:
    Matched by include pattern '**/*.tsx' in 'E:/2025/RootedAI Website/rooted-ai-solutions/tsconfig.json'
error TS6305: Output file 'E:/2025/RootedAI Website/rooted-ai-solutions/src/components/ui/chart.d.ts' has not been built from source file 'E:/2025/RootedAI Website/rooted-ai-solutions/src/components/ui/chart.tsx'.
  The file is in the program because:
    Matched by include pattern '**/*.tsx' in 'E:/2025/RootedAI Website/rooted-ai-solutions/tsconfig.json'
error TS6305: Output file 'E:/2025/RootedAI Website/rooted-ai-solutions/src/components/ui/checkbox.d.ts' has not been built from source file 'E:/2025/RootedAI Website/rooted-ai-solutions/src/components/ui/checkbox.tsx'.
  The file is in the program because:
    Matched by include pattern '**/*.tsx' in 'E:/2025/RootedAI Website/rooted-ai-solutions/tsconfig.json'
error TS6305: Output file 'E:/2025/RootedAI Website/rooted-ai-solutions/src/components/ui/collapsible.d.ts' has not been built from source file 'E:/2025/RootedAI Website/rooted-ai-solutions/src/components/ui/collapsible.tsx'.
  The file is in the program because:
    Matched by include pattern '**/*.tsx' in 'E:/2025/RootedAI Website/rooted-ai-solutions/tsconfig.json'
error TS6305: Output file 'E:/2025/RootedAI Website/rooted-ai-solutions/src/components/ui/command.d.ts' has not been built from source file 'E:/2025/RootedAI Website/rooted-ai-solutions/src/components/ui/command.tsx'.
  The file is in the program because:
    Matched by include pattern '**/*.tsx' in 'E:/2025/RootedAI Website/rooted-ai-solutions/tsconfig.json'
error TS6305: Output file 'E:/2025/RootedAI Website/rooted-ai-solutions/src/components/ui/context-menu.d.ts' has not been built from source file 'E:/2025/RootedAI Website/rooted-ai-solutions/src/components/ui/context-menu.tsx'.
  The file is in the program because:
    Matched by include pattern '**/*.tsx' in 'E:/2025/RootedAI Website/rooted-ai-solutions/tsconfig.json'
error TS6305: Output file 'E:/2025/RootedAI Website/rooted-ai-solutions/src/components/ui/dark-shader-background.d.ts' has not been built from source file 'E:/2025/RootedAI Website/rooted-ai-solutions/src/components/ui/dark-shader-background.tsx'.
  The file is in the program because:
    Matched by include pattern '**/*.tsx' in 'E:/2025/RootedAI Website/rooted-ai-solutions/tsconfig.json'
error TS6305: Output file 'E:/2025/RootedAI Website/rooted-ai-solutions/src/components/ui/dialog.d.ts' has not been built from source file 'E:/2025/RootedAI Website/rooted-ai-solutions/src/components/ui/dialog.tsx'.
  The file is in the program because:
    Matched by include pattern '**/*.tsx' in 'E:/2025/RootedAI Website/rooted-ai-solutions/tsconfig.json'
error TS6305: Output file 'E:/2025/RootedAI Website/rooted-ai-solutions/src/components/ui/drawer.d.ts' has not been built from source file 'E:/2025/RootedAI Website/rooted-ai-solutions/src/components/ui/drawer.tsx'.
  The file is in the program because:
    Matched by include pattern '**/*.tsx' in 'E:/2025/RootedAI Website/rooted-ai-solutions/tsconfig.json'
error TS6305: Output file 'E:/2025/RootedAI Website/rooted-ai-solutions/src/components/ui/dropdown-menu.d.ts' has not been built from source file 'E:/2025/RootedAI Website/rooted-ai-solutions/src/components/ui/dropdown-menu.tsx'.
  The file is in the program because:
    Matched by include pattern '**/*.tsx' in 'E:/2025/RootedAI Website/rooted-ai-solutions/tsconfig.json'
error TS6305: Output file 'E:/2025/RootedAI Website/rooted-ai-solutions/src/components/ui/form.d.ts' has not been built from source file 'E:/2025/RootedAI Website/rooted-ai-solutions/src/components/ui/form.tsx'.
  The file is in the program because:
    Matched by include pattern '**/*.tsx' in 'E:/2025/RootedAI Website/rooted-ai-solutions/tsconfig.json'
error TS6305: Output file 'E:/2025/RootedAI Website/rooted-ai-solutions/src/components/ui/glow-border-card.d.ts' has not been built from source file 'E:/2025/RootedAI Website/rooted-ai-solutions/src/components/ui/glow-border-card.tsx'.
  The file is in the program because:
    Matched by include pattern '**/*.tsx' in 'E:/2025/RootedAI Website/rooted-ai-solutions/tsconfig.json'
error TS6305: Output file 'E:/2025/RootedAI Website/rooted-ai-solutions/src/components/ui/hover-card.d.ts' has not been built from source file 'E:/2025/RootedAI Website/rooted-ai-solutions/src/components/ui/hover-card.tsx'.
  The file is in the program because:
    Matched by include pattern '**/*.tsx' in 'E:/2025/RootedAI Website/rooted-ai-solutions/tsconfig.json'
error TS6305: Output file 'E:/2025/RootedAI Website/rooted-ai-solutions/src/components/ui/input-otp.d.ts' has not been built from source file 'E:/2025/RootedAI Website/rooted-ai-solutions/src/components/ui/input-otp.tsx'.
  The file is in the program because:
    Matched by include pattern '**/*.tsx' in 'E:/2025/RootedAI Website/rooted-ai-solutions/tsconfig.json'
error TS6305: Output file 'E:/2025/RootedAI Website/rooted-ai-solutions/src/components/ui/input.d.ts' has not been built from source file 'E:/2025/RootedAI Website/rooted-ai-solutions/src/components/ui/input.tsx'.
  The file is in the program because:
    Matched by include pattern '**/*.tsx' in 'E:/2025/RootedAI Website/rooted-ai-solutions/tsconfig.json'
error TS6305: Output file 'E:/2025/RootedAI Website/rooted-ai-solutions/src/components/ui/label.d.ts' has not been built from source file 'E:/2025/RootedAI Website/rooted-ai-solutions/src/components/ui/label.tsx'.
  The file is in the program because:
    Matched by include pattern '**/*.tsx' in 'E:/2025/RootedAI Website/rooted-ai-solutions/tsconfig.json'
error TS6305: Output file 'E:/2025/RootedAI Website/rooted-ai-solutions/src/components/ui/menubar.d.ts' has not been built from source file 'E:/2025/RootedAI Website/rooted-ai-solutions/src/components/ui/menubar.tsx'.
  The file is in the program because:
    Matched by include pattern '**/*.tsx' in 'E:/2025/RootedAI Website/rooted-ai-solutions/tsconfig.json'
error TS6305: Output file 'E:/2025/RootedAI Website/rooted-ai-solutions/src/components/ui/navigation-menu.d.ts' has not been built from source file 'E:/2025/RootedAI Website/rooted-ai-solutions/src/components/ui/navigation-menu.tsx'.
  The file is in the program because:
    Matched by include pattern '**/*.tsx' in 'E:/2025/RootedAI Website/rooted-ai-solutions/tsconfig.json'
error TS6305: Output file 'E:/2025/RootedAI Website/rooted-ai-solutions/src/components/ui/pagination.d.ts' has not been built from source file 'E:/2025/RootedAI Website/rooted-ai-solutions/src/components/ui/pagination.tsx'.
  The file is in the program because:
    Matched by include pattern '**/*.tsx' in 'E:/2025/RootedAI Website/rooted-ai-solutions/tsconfig.json'
error TS6305: Output file 'E:/2025/RootedAI Website/rooted-ai-solutions/src/components/ui/parallax-floating.d.ts' has not been built from source file 'E:/2025/RootedAI Website/rooted-ai-solutions/src/components/ui/parallax-floating.tsx'.
  The file is in the program because:
    Matched by include pattern '**/*.tsx' in 'E:/2025/RootedAI Website/rooted-ai-solutions/tsconfig.json'
error TS6305: Output file 'E:/2025/RootedAI Website/rooted-ai-solutions/src/components/ui/popover.d.ts' has not been built from source file 'E:/2025/RootedAI Website/rooted-ai-solutions/src/components/ui/popover.tsx'.
  The file is in the program because:
    Matched by include pattern '**/*.tsx' in 'E:/2025/RootedAI Website/rooted-ai-solutions/tsconfig.json'
error TS6305: Output file 'E:/2025/RootedAI Website/rooted-ai-solutions/src/components/ui/progress.d.ts' has not been built from source file 'E:/2025/RootedAI Website/rooted-ai-solutions/src/components/ui/progress.tsx'.
  The file is in the program because:
    Matched by include pattern '**/*.tsx' in 'E:/2025/RootedAI Website/rooted-ai-solutions/tsconfig.json'
error TS6305: Output file 'E:/2025/RootedAI Website/rooted-ai-solutions/src/components/ui/radio-group.d.ts' has not been built from source file 'E:/2025/RootedAI Website/rooted-ai-solutions/src/components/ui/radio-group.tsx'.
  The file is in the program because:
    Matched by include pattern '**/*.tsx' in 'E:/2025/RootedAI Website/rooted-ai-solutions/tsconfig.json'
error TS6305: Output file 'E:/2025/RootedAI Website/rooted-ai-solutions/src/components/ui/resizable.d.ts' has not been built from source file 'E:/2025/RootedAI Website/rooted-ai-solutions/src/components/ui/resizable.tsx'.
  The file is in the program because:
    Matched by include pattern '**/*.tsx' in 'E:/2025/RootedAI Website/rooted-ai-solutions/tsconfig.json'
error TS6305: Output file 'E:/2025/RootedAI Website/rooted-ai-solutions/src/components/ui/scroll-area.d.ts' has not been built from source file 'E:/2025/RootedAI Website/rooted-ai-solutions/src/components/ui/scroll-area.tsx'.
  The file is in the program because:
    Matched by include pattern '**/*.tsx' in 'E:/2025/RootedAI Website/rooted-ai-solutions/tsconfig.json'
error TS6305: Output file 'E:/2025/RootedAI Website/rooted-ai-solutions/src/components/ui/select.d.ts' has not been built from source file 'E:/2025/RootedAI Website/rooted-ai-solutions/src/components/ui/select.tsx'.
  The file is in the program because:
    Matched by include pattern '**/*.tsx' in 'E:/2025/RootedAI Website/rooted-ai-solutions/tsconfig.json'
error TS6305: Output file 'E:/2025/RootedAI Website/rooted-ai-solutions/src/components/ui/separator.d.ts' has not been built from source file 'E:/2025/RootedAI Website/rooted-ai-solutions/src/components/ui/separator.tsx'.
  The file is in the program because:
    Matched by include pattern '**/*.tsx' in 'E:/2025/RootedAI Website/rooted-ai-solutions/tsconfig.json'
error TS6305: Output file 'E:/2025/RootedAI Website/rooted-ai-solutions/src/components/ui/sheet.d.ts' has not been built from source file 'E:/2025/RootedAI Website/rooted-ai-solutions/src/components/ui/sheet.tsx'.
  The file is in the program because:
    Matched by include pattern '**/*.tsx' in 'E:/2025/RootedAI Website/rooted-ai-solutions/tsconfig.json'
error TS6305: Output file 'E:/2025/RootedAI Website/rooted-ai-solutions/src/components/ui/sidebar.d.ts' has not been built from source file 'E:/2025/RootedAI Website/rooted-ai-solutions/src/components/ui/sidebar.tsx'.
  The file is in the program because:
    Matched by include pattern '**/*.tsx' in 'E:/2025/RootedAI Website/rooted-ai-solutions/tsconfig.json'
error TS6305: Output file 'E:/2025/RootedAI Website/rooted-ai-solutions/src/components/ui/skeleton.d.ts' has not been built from source file 'E:/2025/RootedAI Website/rooted-ai-solutions/src/components/ui/skeleton.tsx'.
  The file is in the program because:
    Matched by include pattern '**/*.tsx' in 'E:/2025/RootedAI Website/rooted-ai-solutions/tsconfig.json'
error TS6305: Output file 'E:/2025/RootedAI Website/rooted-ai-solutions/src/components/ui/slider.d.ts' has not been built from source file 'E:/2025/RootedAI Website/rooted-ai-solutions/src/components/ui/slider.tsx'.
  The file is in the program because:
    Matched by include pattern '**/*.tsx' in 'E:/2025/RootedAI Website/rooted-ai-solutions/tsconfig.json'
error TS6305: Output file 'E:/2025/RootedAI Website/rooted-ai-solutions/src/components/ui/social-dock.d.ts' has not been built from source file 'E:/2025/RootedAI Website/rooted-ai-solutions/src/components/ui/social-dock.tsx'.
  The file is in the program because:
    Matched by include pattern '**/*.tsx' in 'E:/2025/RootedAI Website/rooted-ai-solutions/tsconfig.json'
error TS6305: Output file 'E:/2025/RootedAI Website/rooted-ai-solutions/src/components/ui/social-flip-button.d.ts' has not been built from source file 'E:/2025/RootedAI Website/rooted-ai-solutions/src/components/ui/social-flip-button.tsx'.
  The file is in the program because:
    Matched by include pattern '**/*.tsx' in 'E:/2025/RootedAI Website/rooted-ai-solutions/tsconfig.json'
error TS6305: Output file 'E:/2025/RootedAI Website/rooted-ai-solutions/src/components/ui/sonner.d.ts' has not been built from source file 'E:/2025/RootedAI Website/rooted-ai-solutions/src/components/ui/sonner.tsx'.
  The file is in the program because:
    Matched by include pattern '**/*.tsx' in 'E:/2025/RootedAI Website/rooted-ai-solutions/tsconfig.json'
error TS6305: Output file 'E:/2025/RootedAI Website/rooted-ai-solutions/src/components/ui/sticky-scroll-reveal.d.ts' has not been built from source file 'E:/2025/RootedAI Website/rooted-ai-solutions/src/components/ui/sticky-scroll-reveal.tsx'.
  The file is in the program because:
    Matched by include pattern '**/*.tsx' in 'E:/2025/RootedAI Website/rooted-ai-solutions/tsconfig.json'
error TS6305: Output file 'E:/2025/RootedAI Website/rooted-ai-solutions/src/components/ui/switch.d.ts' has not been built from source file 'E:/2025/RootedAI Website/rooted-ai-solutions/src/components/ui/switch.tsx'.
  The file is in the program because:
    Matched by include pattern '**/*.tsx' in 'E:/2025/RootedAI Website/rooted-ai-solutions/tsconfig.json'
error TS6305: Output file 'E:/2025/RootedAI Website/rooted-ai-solutions/src/components/ui/table.d.ts' has not been built from source file 'E:/2025/RootedAI Website/rooted-ai-solutions/src/components/ui/table.tsx'.
  The file is in the program because:
    Matched by include pattern '**/*.tsx' in 'E:/2025/RootedAI Website/rooted-ai-solutions/tsconfig.json'
error TS6305: Output file 'E:/2025/RootedAI Website/rooted-ai-solutions/src/components/ui/tabs.d.ts' has not been built from source file 'E:/2025/RootedAI Website/rooted-ai-solutions/src/components/ui/tabs.tsx'.
  The file is in the program because:
    Matched by include pattern '**/*.tsx' in 'E:/2025/RootedAI Website/rooted-ai-solutions/tsconfig.json'
error TS6305: Output file 'E:/2025/RootedAI Website/rooted-ai-solutions/src/components/ui/testimonials-card.d.ts' has not been built from source file 'E:/2025/RootedAI Website/rooted-ai-solutions/src/components/ui/testimonials-card.tsx'.
  The file is in the program because:
    Matched by include pattern '**/*.tsx' in 'E:/2025/RootedAI Website/rooted-ai-solutions/tsconfig.json'
error TS6305: Output file 'E:/2025/RootedAI Website/rooted-ai-solutions/src/components/ui/textarea.d.ts' has not been built from source file 'E:/2025/RootedAI Website/rooted-ai-solutions/src/components/ui/textarea.tsx'.
  The file is in the program because:
    Matched by include pattern '**/*.tsx' in 'E:/2025/RootedAI Website/rooted-ai-solutions/tsconfig.json'
error TS6305: Output file 'E:/2025/RootedAI Website/rooted-ai-solutions/src/components/ui/toast.d.ts' has not been built from source file 'E:/2025/RootedAI Website/rooted-ai-solutions/src/components/ui/toast.tsx'.
  The file is in the program because:
    Matched by include pattern '**/*.tsx' in 'E:/2025/RootedAI Website/rooted-ai-solutions/tsconfig.json'
error TS6305: Output file 'E:/2025/RootedAI Website/rooted-ai-solutions/src/components/ui/toaster.d.ts' has not been built from source file 'E:/2025/RootedAI Website/rooted-ai-solutions/src/components/ui/toaster.tsx'.
  The file is in the program because:
    Matched by include pattern '**/*.tsx' in 'E:/2025/RootedAI Website/rooted-ai-solutions/tsconfig.json'
error TS6305: Output file 'E:/2025/RootedAI Website/rooted-ai-solutions/src/components/ui/toggle-group.d.ts' has not been built from source file 'E:/2025/RootedAI Website/rooted-ai-solutions/src/components/ui/toggle-group.tsx'.
  The file is in the program because:
    Matched by include pattern '**/*.tsx' in 'E:/2025/RootedAI Website/rooted-ai-solutions/tsconfig.json'
error TS6305: Output file 'E:/2025/RootedAI Website/rooted-ai-solutions/src/components/ui/toggle.d.ts' has not been built from source file 'E:/2025/RootedAI Website/rooted-ai-solutions/src/components/ui/toggle.tsx'.
  The file is in the program because:
    Matched by include pattern '**/*.tsx' in 'E:/2025/RootedAI Website/rooted-ai-solutions/tsconfig.json'
error TS6305: Output file 'E:/2025/RootedAI Website/rooted-ai-solutions/src/components/ui/tooltip.d.ts' has not been built from source file 'E:/2025/RootedAI Website/rooted-ai-solutions/src/components/ui/tooltip.tsx'.
  The file is in the program because:
    Matched by include pattern '**/*.tsx' in 'E:/2025/RootedAI Website/rooted-ai-solutions/tsconfig.json'
error TS6305: Output file 'E:/2025/RootedAI Website/rooted-ai-solutions/src/components/ui/use-toast.d.ts' has not been built from source file 'E:/2025/RootedAI Website/rooted-ai-solutions/src/components/ui/use-toast.ts'.
  The file is in the program because:
    Matched by include pattern '**/*.ts' in 'E:/2025/RootedAI Website/rooted-ai-solutions/tsconfig.json'
error TS6305: Output file 'E:/2025/RootedAI Website/rooted-ai-solutions/src/components/ui/velocity-scroll.d.ts' has not been built from source file 'E:/2025/RootedAI Website/rooted-ai-solutions/src/components/ui/velocity-scroll.tsx'.
  The file is in the program because:
    Matched by include pattern '**/*.tsx' in 'E:/2025/RootedAI Website/rooted-ai-solutions/tsconfig.json'
error TS6305: Output file 'E:/2025/RootedAI Website/rooted-ai-solutions/src/context/ModalContext.d.ts' has not been built from source file 'E:/2025/RootedAI Website/rooted-ai-solutions/src/context/ModalContext.tsx'.
  The file is in the program because:
    Matched by include pattern '**/*.tsx' in 'E:/2025/RootedAI Website/rooted-ai-solutions/tsconfig.json'
error TS6305: Output file 'E:/2025/RootedAI Website/rooted-ai-solutions/src/data/blogPosts.d.ts' has not been built from source file 'E:/2025/RootedAI Website/rooted-ai-solutions/src/data/blogPosts.ts'.
  The file is in the program because:
    Matched by include pattern '**/*.ts' in 'E:/2025/RootedAI Website/rooted-ai-solutions/tsconfig.json'
error TS6305: Output file 'E:/2025/RootedAI Website/rooted-ai-solutions/src/data/constants.d.ts' has not been built from source file 'E:/2025/RootedAI Website/rooted-ai-solutions/src/data/constants.ts'.
  The file is in the program because:
    Matched by include pattern '**/*.ts' in 'E:/2025/RootedAI Website/rooted-ai-solutions/tsconfig.json'
error TS6305: Output file 'E:/2025/RootedAI Website/rooted-ai-solutions/src/data/services.d.ts' has not been built from source file 'E:/2025/RootedAI Website/rooted-ai-solutions/src/data/services.ts'.
  The file is in the program because:
    Matched by include pattern '**/*.ts' in 'E:/2025/RootedAI Website/rooted-ai-solutions/tsconfig.json'
error TS6305: Output file 'E:/2025/RootedAI Website/rooted-ai-solutions/src/data/updates.d.ts' has not been built from source file 'E:/2025/RootedAI Website/rooted-ai-solutions/src/data/updates.ts'.
  The file is in the program because:
    Matched by include pattern '**/*.ts' in 'E:/2025/RootedAI Website/rooted-ai-solutions/tsconfig.json'
error TS6305: Output file 'E:/2025/RootedAI Website/rooted-ai-solutions/src/hooks/use-mobile.d.ts' has not been built from source file 'E:/2025/RootedAI Website/rooted-ai-solutions/src/hooks/use-mobile.tsx'.
  The file is in the program because:
    Matched by include pattern '**/*.tsx' in 'E:/2025/RootedAI Website/rooted-ai-solutions/tsconfig.json'
error TS6305: Output file 'E:/2025/RootedAI Website/rooted-ai-solutions/src/hooks/use-outside-click.d.ts' has not been built from source file 'E:/2025/RootedAI Website/rooted-ai-solutions/src/hooks/use-outside-click.ts'.
  The file is in the program because:
    Matched by include pattern '**/*.ts' in 'E:/2025/RootedAI Website/rooted-ai-solutions/tsconfig.json'
error TS6305: Output file 'E:/2025/RootedAI Website/rooted-ai-solutions/src/hooks/use-smooth-scroll.d.ts' has not been built from source file 'E:/2025/RootedAI Website/rooted-ai-solutions/src/hooks/use-smooth-scroll.ts'.
  The file is in the program because:
    Matched by include pattern '**/*.ts' in 'E:/2025/RootedAI Website/rooted-ai-solutions/tsconfig.json'
error TS6305: Output file 'E:/2025/RootedAI Website/rooted-ai-solutions/src/hooks/use-toast.d.ts' has not been built from source file 'E:/2025/RootedAI Website/rooted-ai-solutions/src/hooks/use-toast.ts'.
  The file is in the program because:
    Matched by include pattern '**/*.ts' in 'E:/2025/RootedAI Website/rooted-ai-solutions/tsconfig.json'
error TS6305: Output file 'E:/2025/RootedAI Website/rooted-ai-solutions/src/hooks/useGeoLocation.d.ts' has not been built from source file 'E:/2025/RootedAI Website/rooted-ai-solutions/src/hooks/useGeoLocation.ts'.
  The file is in the program because:
    Matched by include pattern '**/*.ts' in 'E:/2025/RootedAI Website/rooted-ai-solutions/tsconfig.json'
error TS6305: Output file 'E:/2025/RootedAI Website/rooted-ai-solutions/src/integrations/supabase/client.d.ts' has not been built from source file 'E:/2025/RootedAI Website/rooted-ai-solutions/src/integrations/supabase/client.ts'.
  The file is in the program because:
    Matched by include pattern '**/*.ts' in 'E:/2025/RootedAI Website/rooted-ai-solutions/tsconfig.json'
error TS6305: Output file 'E:/2025/RootedAI Website/rooted-ai-solutions/src/integrations/supabase/types.d.ts' has not been built from source file 'E:/2025/RootedAI Website/rooted-ai-solutions/src/integrations/supabase/types.ts'.
  The file is in the program because:
    Matched by include pattern '**/*.ts' in 'E:/2025/RootedAI Website/rooted-ai-solutions/tsconfig.json'
error TS6305: Output file 'E:/2025/RootedAI Website/rooted-ai-solutions/src/lib/utils.d.ts' has not been built from source file 'E:/2025/RootedAI Website/rooted-ai-solutions/src/lib/utils.ts'.
  The file is in the program because:
    Matched by include pattern '**/*.ts' in 'E:/2025/RootedAI Website/rooted-ai-solutions/tsconfig.json'
error TS6305: Output file 'E:/2025/RootedAI Website/rooted-ai-solutions/src/types/hiring.d.ts' has not been built from source file 'E:/2025/RootedAI Website/rooted-ai-solutions/src/types/hiring.ts'.
  The file is in the program because:
    Matched by include pattern '**/*.ts' in 'E:/2025/RootedAI Website/rooted-ai-solutions/tsconfig.json'
error TS6305: Output file 'E:/2025/RootedAI Website/rooted-ai-solutions/src/utils/adminUtils.d.ts' has not been built from source file 'E:/2025/RootedAI Website/rooted-ai-solutions/src/utils/adminUtils.ts'.
  The file is in the program because:
    Matched by include pattern '**/*.ts' in 'E:/2025/RootedAI Website/rooted-ai-solutions/tsconfig.json'
tsconfig.json(4,5): error TS6306: Referenced project 'E:/2025/RootedAI Website/rooted-ai-solutions/tsconfig.app.json' must have setting "composite": true.
tsconfig.json(4,5): error TS6310: Referenced project 'E:/2025/RootedAI Website/rooted-ai-solutions/tsconfig.app.json' may not disable emit.
tsconfig.json(7,5): error TS6306: Referenced project 'E:/2025/RootedAI Website/rooted-ai-solutions/tsconfig.node.json' must have setting "composite": true.
tsconfig.json(7,5): error TS6310: Referenced project 'E:/2025/RootedAI Website/rooted-ai-solutions/tsconfig.node.json' may not disable emit.
